../Core/Src/main.c:107:13:report_callback	16	static
../Core/Src/main.c:94:1:__io_putchar	16	static
../Core/Src/main.c:199:6:SystemClock_Config	88	static,ignoring_inline_asm
../Core/Src/main.c:246:6:MX_SPI1_Init	8	static,ignoring_inline_asm
../Core/Src/main.c:286:6:MX_USART2_UART_Init	8	static,ignoring_inline_asm
../Core/Src/main.c:132:5:main	56	static
../Core/Src/main.c:396:6:HAL_GPIO_EXTI_Rising_Callback	8	static
../Core/Src/main.c:411:6:HAL_GPIO_EXTI_Falling_Callback	8	static
../Core/Src/main.c:438:6:Error_Handler	0	static,ignoring_inline_asm
